2026-09-20 22:42:58 | WARN | user_939 | add_cart | 58ms | 0
2026-09-20 22:42:59 | WARN | user_779 | view_item | 915ms | 0
2026-09-20 22:43:01 | INFO | user_150 | view_item | 92ms | 0
2026-09-20 22:43:02 | INFO | user_600 | login | 89ms | 0
2026-09-20 22:43:03 | INFO | user_283 | pay | 25ms | 0
2026-09-20 22:43:04 | INFO | user_308 | view_item | 64ms | 0
2026-09-20 22:43:06 | INFO | user_742 | view_item | 51ms | 0
2026-09-20 22:43:09 | INFO | user_404 | login | 97ms | 0
2026-09-20 22:43:12 | INFO | user_255 | add_cart | 71ms | 0
2026-09-20 22:43:15 | INFO | user_118 | pay | 32ms | 0
2026-09-20 22:43:16 | ERROR | user_913 | pay | 57ms | 502
2026-09-20 22:43:19 | INFO | user_288 | add_cart | 26ms | 0
2026-09-20 22:43:20 | INFO | user_512 | add_cart | 22ms | 0
2026-09-20 22:43:23 | INFO | user_348 | login | 1027ms | 0
2026-09-20 22:43:24 | ERROR | user_955 | pay | 52ms | 502
2026-09-20 22:43:26 | INFO | user_384 | view_item | 76ms | 0
2026-09-20 22:43:29 | INFO | user_539 | add_cart | 77ms | 0
2026-09-20 22:43:32 | INFO | user_564 | add_cart | 1166ms | 0
2026-09-20 22:43:33 | INFO | user_278 | pay | 62ms | 0
2026-09-20 22:43:35 | INFO | user_935 | login | 32ms | 0
